[2026-09-05 21:52:18] Airdrop Hunter started!
[2026-09-05 21:52:18] Scraping Galxe...
[2026-09-05 21:52:18] Galxe scrape error: Expecting value: line 1 column 1 (char 0)
[2026-09-05 21:52:18] Galxe: 0 new campaigns
[2026-09-05 21:52:18] Scraping Layer3...
[2026-09-05 21:52:18] Layer3 parse error: Expecting value: line 1 column 1 (char 0)
[2026-09-05 21:52:18] Layer3: 0 new campaigns
[2026-09-05 21:52:18] Checking airdrop alert sources...
[2026-09-05 21:52:19] Earn.fi parse error: Expecting value: line 1 column 1 (char 0)
[2026-09-05 21:52:19] Earn.fi: 0 new campaigns
[2026-09-05 21:52:19] No new campaigns found
[2026-09-05 21:53:32] Airdrop Hunter started!
[2026-09-05 21:53:32] Scraping DeBank trending...
[2026-09-05 21:53:33] DeBank parse error: Expecting value: line 1 column 1 (char 0)
[2026-09-05 21:53:33] DeBank: 0 new campaigns
[2026-09-05 21:53:33] Scraping DefiLlama...
[2026-09-05 21:53:37] DefiLlama: 16 new campaigns
[2026-09-05 21:53:37] Scraping airdrop calendar...
[2026-09-05 21:53:39] Calendar: 0 new campaigns
[2026-09-05 21:53:39] Scraping CryptoRank...
[2026-09-05 21:53:40] CryptoRank: 0 new campaigns
[2026-09-05 21:53:40] Checking Twitter airdrop hunters...
[2026-09-05 21:53:40] Twitter: 0 new campaigns
[2026-09-05 21:53:40] Telegram not configured, printing to console only
[2026-09-05 21:53:40] Sent 16 campaigns to Telegram
[2026-09-05 21:58:30] Airdrop Hunter started!
[2026-09-05 21:58:30] Scraping DeBank trending...
[2026-09-05 21:58:31] DeBank parse error: Expecting value: line 1 column 1 (char 0)
[2026-09-05 21:58:31] DeBank: 0 new campaigns
[2026-09-05 21:58:31] Scraping DefiLlama...
[2026-09-05 21:58:34] DefiLlama: 0 new campaigns
[2026-09-05 21:58:34] Scraping airdrop calendar...
[2026-09-05 21:58:36] Calendar: 0 new campaigns
[2026-09-05 21:58:36] Scraping CryptoRank...
[2026-09-05 21:58:37] CryptoRank: 0 new campaigns
[2026-09-05 21:58:37] Checking Twitter airdrop hunters...
[2026-09-05 21:58:37] Twitter: 0 new campaigns
[2026-09-05 21:58:37] No new campaigns found
[2026-09-05 21:59:01] Airdrop Hunter started!
[2026-09-05 21:59:01] Scraping DeBank trending...
[2026-09-05 21:59:01] DeBank parse error: Expecting value: line 1 column 1 (char 0)
[2026-09-05 21:59:01] DeBank: 0 new campaigns
[2026-09-05 21:59:01] Scraping DefiLlama...
[2026-09-05 21:59:05] DefiLlama: 16 new campaigns
[2026-09-05 21:59:05] Scraping airdrop calendar...
[2026-09-05 21:59:07] Calendar: 0 new campaigns
[2026-09-05 21:59:07] Scraping CryptoRank...
[2026-09-05 21:59:07] CryptoRank: 0 new campaigns
[2026-09-05 21:59:07] Checking Twitter airdrop hunters...
[2026-09-05 21:59:07] Twitter: 0 new campaigns
[2026-09-05 21:59:12] Telegram sent OK
[2026-09-05 21:59:12] Sent 16 campaigns to Telegram
[2026-09-05 22:02:49] Airdrop Hunter started!
[2026-09-05 22:02:49] Scraping Galxe campaigns...
[2026-09-05 22:02:49] Galxe: 0 new
[2026-09-05 22:02:49] Scraping Layer3 missions...
[2026-09-05 22:02:50] Layer3: 0 new
[2026-09-05 22:02:50] Scraping DeBank airdrops...
[2026-09-05 22:02:50] DeBank: 0 new
[2026-09-05 22:02:50] Scraping airdrop alert sites...
[2026-09-05 22:02:50] AirdropAlert: 20 new
[2026-09-05 22:02:50] Checking crypto news for airdrops...
[2026-09-05 22:02:52] CryptoNews: 0 new
[2026-09-05 22:02:53] Sent 20 campaigns
[2026-09-05 22:03:01] Scraping airdrop alert sites...
[2026-09-05 22:04:36] Airdrop Hunter started!
[2026-09-05 22:04:36] Scraping airdrops.io...
[2026-09-05 22:04:36] Found 36 airdrops
[2026-09-05 22:04:37] Sent 36 airdrops to Telegram
